Computing main repo mapping: 
Loading: 
Loading: 0 packages loaded
Analyzing: 3 targets (0 packages loaded, 0 targets configured)
Analyzing: 3 targets (0 packages loaded, 0 targets configured)

INFO: Analyzed 3 targets (2 packages loaded, 1489 targets configured).
[3,085 / 4,966] [Prepa] Writing file src/ray/core_worker/libfuture_resolver.a-2.params
[5,080 / 5,099] Compiling src/ray/core_worker/recovery_succession_manager.cc; 1s processwrapper-sandbox ... (10 actions running)
[5,081 / 5,099] Compiling src/ray/core_worker/recovery_succession_manager.cc; 3s processwrapper-sandbox ... (10 actions, 9 running)
[5,085 / 5,099] Compiling src/ray/core_worker/core_worker_shutdown_executor.cc; 4s processwrapper-sandbox ... (8 actions running)
[5,086 / 5,099] Compiling src/ray/core_worker/core_worker_shutdown_executor.cc; 14s processwrapper-sandbox ... (8 actions, 7 running)
[5,090 / 5,099] Compiling src/ray/core_worker/core_worker_shutdown_executor.cc; 15s processwrapper-sandbox ... (6 actions running)
[5,092 / 5,099] Compiling src/ray/core_worker/core_worker.cc; 21s processwrapper-sandbox ... (4 actions running)
[5,093 / 5,099] Compiling src/ray/core_worker/core_worker.cc; 29s processwrapper-sandbox ... (3 actions running)
[5,094 / 5,099] Compiling src/ray/core_worker/core_worker.cc; 31s processwrapper-sandbox ... (2 actions running)
[5,095 / 5,099] Compiling src/ray/core_worker/core_worker.cc; 33s processwrapper-sandbox ... (2 actions, 1 running)
INFO: Found 3 targets...
INFO: Elapsed time: 35.599s, Critical Path: 34.11s
INFO: 27 processes: 8 internal, 19 processwrapper-sandbox.
INFO: Build completed successfully, 27 total actions
