Using pip 26.0.1 from /home/tejas/anaconda3/envs/ray-dev/lib/python3.10/site-packages/pip (python 3.10)
Obtaining file:///home/tejas/Downloads/ray/python
  Installing build dependencies: started
  Running command installing build dependencies
  Using pip 26.0.1 from /home/tejas/anaconda3/envs/ray-dev/lib/python3.10/site-packages/pip (python 3.10)
  Collecting setuptools>=40.8.0
    Obtaining dependency information for setuptools>=40.8.0 from https://files.pythonhosted.org/packages/5d/40/e1e72872c6354b306daef1703549e8e83b4d43cfea356311bf722a043752/setuptools-83.0.0-py3-none-any.whl.metadata
    Using cached setuptools-83.0.0-py3-none-any.whl.metadata (6.6 kB)
  Using cached setuptools-83.0.0-py3-none-any.whl (1.0 MB)
  Installing collected packages: setuptools
  Successfully installed setuptools-83.0.0
  Installing build dependencies: finished with status 'done'
  Checking if build backend supports build_editable: started
  Running command Checking if build backend supports build_editable
  Checking if build backend supports build_editable: finished with status 'done'
  Getting requirements to build editable: started
  Running command Getting requirements to build editable
  Getting requirements to build editable: finished with status 'done'
  Installing backend dependencies: started
  Running command installing backend dependencies
  Using pip 26.0.1 from /home/tejas/anaconda3/envs/ray-dev/lib/python3.10/site-packages/pip (python 3.10)
  Collecting wheel
    Obtaining dependency information for wheel from https://files.pythonhosted.org/packages/87/1b/9e33c09813d65e248f7f773119148a612516a4bea93e9c6f545f78455b7c/wheel-0.47.0-py3-none-any.whl.metadata
    Using cached wheel-0.47.0-py3-none-any.whl.metadata (2.3 kB)
  Collecting pip
    Obtaining dependency information for pip from https://files.pythonhosted.org/packages/62/36/a3aed958d60531cb442b7ab4596cda7b3621cfb916f8ae1d6769795c7dc1/pip-26.2-py3-none-any.whl.metadata
    Using cached pip-26.2-py3-none-any.whl.metadata (4.6 kB)
  Collecting cython>=3.0.12
    Obtaining dependency information for cython>=3.0.12 from https://files.pythonhosted.org/packages/df/9b/b4ff8cdff357ba0f41791e044a2a95898d0768b20e9247823decf5eabb5e/cython-3.2.9-cp310-cp310-manylinux2014_x86_64.manylinux_2_17_x86_64.manylinux_2_28_x86_64.whl.metadata
    Using cached cython-3.2.9-cp310-cp310-manylinux2014_x86_64.manylinux_2_17_x86_64.manylinux_2_28_x86_64.whl.metadata (4.6 kB)
  Collecting packaging>=24.0 (from wheel)
    Obtaining dependency information for packaging>=24.0 from https://files.pythonhosted.org/packages/df/b2/87e62e8c3e2f4b32e5fe99e0b86d576da1312593b39f47d8ceef365e95ed/packaging-26.2-py3-none-any.whl.metadata
    Using cached packaging-26.2-py3-none-any.whl.metadata (3.5 kB)
  Using cached wheel-0.47.0-py3-none-any.whl (32 kB)
  Using cached pip-26.2-py3-none-any.whl (1.8 MB)
  Using cached cython-3.2.9-cp310-cp310-manylinux2014_x86_64.manylinux_2_17_x86_64.manylinux_2_28_x86_64.whl (3.5 MB)
  Using cached packaging-26.2-py3-none-any.whl (100 kB)
  Installing collected packages: pip, packaging, cython, wheel
    Creating /tmp/pip-build-env-1ju7dhkt/normal/bin
    changing mode of /tmp/pip-build-env-1ju7dhkt/normal/bin/pip to 775
    changing mode of /tmp/pip-build-env-1ju7dhkt/normal/bin/pip3 to 775
    changing mode of /tmp/pip-build-env-1ju7dhkt/normal/bin/pip3.10 to 775
    changing mode of /tmp/pip-build-env-1ju7dhkt/normal/bin/cygdb to 775
    changing mode of /tmp/pip-build-env-1ju7dhkt/normal/bin/cython to 775
    changing mode of /tmp/pip-build-env-1ju7dhkt/normal/bin/cythonize to 775
    changing mode of /tmp/pip-build-env-1ju7dhkt/normal/bin/wheel to 775

  Successfully installed cython-3.2.9 packaging-26.2 pip-26.2 wheel-0.47.0
  Installing backend dependencies: finished with status 'done'
  Preparing editable metadata (pyproject.toml): started
  Running command Preparing editable metadata (pyproject.toml)
  running dist_info
  creating /tmp/pip-modern-metadata-q7x7sd5n/ray.egg-info
  writing /tmp/pip-modern-metadata-q7x7sd5n/ray.egg-info/PKG-INFO
  writing dependency_links to /tmp/pip-modern-metadata-q7x7sd5n/ray.egg-info/dependency_links.txt
  writing entry points to /tmp/pip-modern-metadata-q7x7sd5n/ray.egg-info/entry_points.txt
  writing requirements to /tmp/pip-modern-metadata-q7x7sd5n/ray.egg-info/requires.txt
  writing top-level names to /tmp/pip-modern-metadata-q7x7sd5n/ray.egg-info/top_level.txt
  writing manifest file '/tmp/pip-modern-metadata-q7x7sd5n/ray.egg-info/SOURCES.txt'
  reading manifest file '/tmp/pip-modern-metadata-q7x7sd5n/ray.egg-info/SOURCES.txt'
  reading manifest template 'MANIFEST.in'
  adding license file 'LICENSE.txt'
  writing manifest file '/tmp/pip-modern-metadata-q7x7sd5n/ray.egg-info/SOURCES.txt'
  creating '/tmp/pip-modern-metadata-q7x7sd5n/ray-3.0.0.dev0.dist-info'
  Preparing editable metadata (pyproject.toml): finished with status 'done'
Requirement already satisfied: click>=7.0 in /home/tejas/anaconda3/envs/ray-dev/lib/python3.10/site-packages (from ray==3.0.0.dev0) (8.3.1)
Requirement already satisfied: filelock in /home/tejas/anaconda3/envs/ray-dev/lib/python3.10/site-packages (from ray==3.0.0.dev0) (3.25.2)
Requirement already satisfied: jsonschema in /home/tejas/anaconda3/envs/ray-dev/lib/python3.10/site-packages (from ray==3.0.0.dev0) (4.26.0)
Requirement already satisfied: msgpack<2.0.0,>=1.0.0 in /home/tejas/anaconda3/envs/ray-dev/lib/python3.10/site-packages (from ray==3.0.0.dev0) (1.1.2)
Requirement already satisfied: packaging>=24.2 in /home/tejas/anaconda3/envs/ray-dev/lib/python3.10/site-packages (from ray==3.0.0.dev0) (26.0)
Requirement already satisfied: protobuf>=3.20.3 in /home/tejas/anaconda3/envs/ray-dev/lib/python3.10/site-packages (from ray==3.0.0.dev0) (6.33.6)
Requirement already satisfied: pyyaml in /home/tejas/anaconda3/envs/ray-dev/lib/python3.10/site-packages (from ray==3.0.0.dev0) (6.0.3)
Requirement already satisfied: requests in /home/tejas/anaconda3/envs/ray-dev/lib/python3.10/site-packages (from ray==3.0.0.dev0) (2.32.5)
Requirement already satisfied: attrs>=22.2.0 in /home/tejas/anaconda3/envs/ray-dev/lib/python3.10/site-packages (from jsonschema->ray==3.0.0.dev0) (26.1.0)
Requirement already satisfied: jsonschema-specifications>=2023.03.6 in /home/tejas/anaconda3/envs/ray-dev/lib/python3.10/site-packages (from jsonschema->ray==3.0.0.dev0) (2025.9.1)
Requirement already satisfied: referencing>=0.28.4 in /home/tejas/anaconda3/envs/ray-dev/lib/python3.10/site-packages (from jsonschema->ray==3.0.0.dev0) (0.37.0)
Requirement already satisfied: rpds-py>=0.25.0 in /home/tejas/anaconda3/envs/ray-dev/lib/python3.10/site-packages (from jsonschema->ray==3.0.0.dev0) (0.30.0)
Requirement already satisfied: typing-extensions>=4.4.0 in /home/tejas/anaconda3/envs/ray-dev/lib/python3.10/site-packages (from referencing>=0.28.4->jsonschema->ray==3.0.0.dev0) (4.15.0)
Requirement already satisfied: charset_normalizer<4,>=2 in /home/tejas/anaconda3/envs/ray-dev/lib/python3.10/site-packages (from requests->ray==3.0.0.dev0) (3.4.6)
Requirement already satisfied: idna<4,>=2.5 in /home/tejas/anaconda3/envs/ray-dev/lib/python3.10/site-packages (from requests->ray==3.0.0.dev0) (3.11)
Requirement already satisfied: urllib3<3,>=1.21.1 in /home/tejas/anaconda3/envs/ray-dev/lib/python3.10/site-packages (from requests->ray==3.0.0.dev0) (2.6.3)
Requirement already satisfied: certifi>=2017.4.17 in /home/tejas/anaconda3/envs/ray-dev/lib/python3.10/site-packages (from requests->ray==3.0.0.dev0) (2026.2.25)
Building wheels for collected packages: ray
  Building editable for ray (pyproject.toml): started
  Running command Building editable for ray (pyproject.toml)
  running editable_wheel
  creating /tmp/pip-ephem-wheel-cache-de6g_9ch/wheels/c4/60/66/af8693fa32323a47bdf28baa15987f7d1064a5934d4b8e97fa/tmpybp4ouxu/.tmp-obx3rij3/ray.egg-info
  writing /tmp/pip-ephem-wheel-cache-de6g_9ch/wheels/c4/60/66/af8693fa32323a47bdf28baa15987f7d1064a5934d4b8e97fa/tmpybp4ouxu/.tmp-obx3rij3/ray.egg-info/PKG-INFO
  writing dependency_links to /tmp/pip-ephem-wheel-cache-de6g_9ch/wheels/c4/60/66/af8693fa32323a47bdf28baa15987f7d1064a5934d4b8e97fa/tmpybp4ouxu/.tmp-obx3rij3/ray.egg-info/dependency_links.txt
  writing entry points to /tmp/pip-ephem-wheel-cache-de6g_9ch/wheels/c4/60/66/af8693fa32323a47bdf28baa15987f7d1064a5934d4b8e97fa/tmpybp4ouxu/.tmp-obx3rij3/ray.egg-info/entry_points.txt
  writing requirements to /tmp/pip-ephem-wheel-cache-de6g_9ch/wheels/c4/60/66/af8693fa32323a47bdf28baa15987f7d1064a5934d4b8e97fa/tmpybp4ouxu/.tmp-obx3rij3/ray.egg-info/requires.txt
  writing top-level names to /tmp/pip-ephem-wheel-cache-de6g_9ch/wheels/c4/60/66/af8693fa32323a47bdf28baa15987f7d1064a5934d4b8e97fa/tmpybp4ouxu/.tmp-obx3rij3/ray.egg-info/top_level.txt
  writing manifest file '/tmp/pip-ephem-wheel-cache-de6g_9ch/wheels/c4/60/66/af8693fa32323a47bdf28baa15987f7d1064a5934d4b8e97fa/tmpybp4ouxu/.tmp-obx3rij3/ray.egg-info/SOURCES.txt'
  reading manifest file '/tmp/pip-ephem-wheel-cache-de6g_9ch/wheels/c4/60/66/af8693fa32323a47bdf28baa15987f7d1064a5934d4b8e97fa/tmpybp4ouxu/.tmp-obx3rij3/ray.egg-info/SOURCES.txt'
  reading manifest template 'MANIFEST.in'
  adding license file 'LICENSE.txt'
  writing manifest file '/tmp/pip-ephem-wheel-cache-de6g_9ch/wheels/c4/60/66/af8693fa32323a47bdf28baa15987f7d1064a5934d4b8e97fa/tmpybp4ouxu/.tmp-obx3rij3/ray.egg-info/SOURCES.txt'
  creating '/tmp/pip-ephem-wheel-cache-de6g_9ch/wheels/c4/60/66/af8693fa32323a47bdf28baa15987f7d1064a5934d4b8e97fa/tmpybp4ouxu/.tmp-obx3rij3/ray-3.0.0.dev0.dist-info'
  creating /tmp/pip-ephem-wheel-cache-de6g_9ch/wheels/c4/60/66/af8693fa32323a47bdf28baa15987f7d1064a5934d4b8e97fa/tmpybp4ouxu/.tmp-obx3rij3/ray-3.0.0.dev0.dist-info/WHEEL
  running build_py
  running build_ext
  WARNING: Target directory /home/tejas/Downloads/ray/python/ray/thirdparty_files/colorama-0.4.6.dist-info already exists. Specify --upgrade to force replacement.
  WARNING: Target directory /home/tejas/Downloads/ray/python/ray/thirdparty_files/colorama already exists. Specify --upgrade to force replacement.
  WARNING: Target directory /home/tejas/Downloads/ray/python/ray/thirdparty_files/psutil-7.2.2.dist-info already exists. Specify --upgrade to force replacement.
  WARNING: Target directory /home/tejas/Downloads/ray/python/ray/thirdparty_files/psutil already exists. Specify --upgrade to force replacement.
  WARNING: Target directory /home/tejas/Downloads/ray/python/ray/_private/runtime_env/agent/thirdparty_files/aiohttp-3.14.3.dist-info already exists. Specify --upgrade to force replacement.
  WARNING: Target directory /home/tejas/Downloads/ray/python/ray/_private/runtime_env/agent/thirdparty_files/aiohttp already exists. Specify --upgrade to force replacement.
  WARNING: Target directory /home/tejas/Downloads/ray/python/ray/_private/runtime_env/agent/thirdparty_files/yarl-1.24.5.dist-info already exists. Specify --upgrade to force replacement.
  WARNING: Target directory /home/tejas/Downloads/ray/python/ray/_private/runtime_env/agent/thirdparty_files/yarl already exists. Specify --upgrade to force replacement.
  WARNING: Target directory /home/tejas/Downloads/ray/python/ray/_private/runtime_env/agent/thirdparty_files/aiosignal-1.4.0.dist-info already exists. Specify --upgrade to force replacement.
  WARNING: Target directory /home/tejas/Downloads/ray/python/ray/_private/runtime_env/agent/thirdparty_files/aiosignal already exists. Specify --upgrade to force replacement.
  WARNING: Target directory /home/tejas/Downloads/ray/python/ray/_private/runtime_env/agent/thirdparty_files/multidict-6.7.1.dist-info already exists. Specify --upgrade to force replacement.
  WARNING: Target directory /home/tejas/Downloads/ray/python/ray/_private/runtime_env/agent/thirdparty_files/multidict already exists. Specify --upgrade to force replacement.
  WARNING: Target directory /home/tejas/Downloads/ray/python/ray/_private/runtime_env/agent/thirdparty_files/aiohappyeyeballs-2.7.1.dist-info already exists. Specify --upgrade to force replacement.
  WARNING: Target directory /home/tejas/Downloads/ray/python/ray/_private/runtime_env/agent/thirdparty_files/aiohappyeyeballs already exists. Specify --upgrade to force replacement.
  WARNING: Target directory /home/tejas/Downloads/ray/python/ray/_private/runtime_env/agent/thirdparty_files/async_timeout-5.0.1.dist-info already exists. Specify --upgrade to force replacement.
  WARNING: Target directory /home/tejas/Downloads/ray/python/ray/_private/runtime_env/agent/thirdparty_files/async_timeout already exists. Specify --upgrade to force replacement.
  WARNING: Target directory /home/tejas/Downloads/ray/python/ray/_private/runtime_env/agent/thirdparty_files/attrs-26.1.0.dist-info already exists. Specify --upgrade to force replacement.
  WARNING: Target directory /home/tejas/Downloads/ray/python/ray/_private/runtime_env/agent/thirdparty_files/attrs already exists. Specify --upgrade to force replacement.
  WARNING: Target directory /home/tejas/Downloads/ray/python/ray/_private/runtime_env/agent/thirdparty_files/attr already exists. Specify --upgrade to force replacement.
  WARNING: Target directory /home/tejas/Downloads/ray/python/ray/_private/runtime_env/agent/thirdparty_files/frozenlist-1.8.0.dist-info already exists. Specify --upgrade to force replacement.
  WARNING: Target directory /home/tejas/Downloads/ray/python/ray/_private/runtime_env/agent/thirdparty_files/frozenlist already exists. Specify --upgrade to force replacement.
  WARNING: Target directory /home/tejas/Downloads/ray/python/ray/_private/runtime_env/agent/thirdparty_files/idna-3.18.dist-info already exists. Specify --upgrade to force replacement.
  WARNING: Target directory /home/tejas/Downloads/ray/python/ray/_private/runtime_env/agent/thirdparty_files/idna already exists. Specify --upgrade to force replacement.
  WARNING: Target directory /home/tejas/Downloads/ray/python/ray/_private/runtime_env/agent/thirdparty_files/propcache-0.5.2.dist-info already exists. Specify --upgrade to force replacement.
  WARNING: Target directory /home/tejas/Downloads/ray/python/ray/_private/runtime_env/agent/thirdparty_files/propcache already exists. Specify --upgrade to force replacement.
  WARNING: Target directory /home/tejas/Downloads/ray/python/ray/_private/runtime_env/agent/thirdparty_files/__pycache__ already exists. Specify --upgrade to force replacement.
  WARNING: Target directory /home/tejas/Downloads/ray/python/ray/_private/runtime_env/agent/thirdparty_files/typing_extensions-4.16.0.dist-info already exists. Specify --upgrade to force replacement.
  WARNING: Target directory /home/tejas/Downloads/ray/python/ray/_private/runtime_env/agent/thirdparty_files/typing_extensions.py already exists. Specify --upgrade to force replacement.
  WARNING: Target directory /home/tejas/Downloads/ray/python/ray/_private/runtime_env/agent/thirdparty_files/bin already exists. Specify --upgrade to force replacement.
  INFO: Invocation ID: 34b39824-64a4-43f2-a3ea-a151db59b85c
  Computing main repo mapping:
  Loading:
  Loading: 0 packages loaded
  Analyzing: 3 targets (1 packages loaded, 0 targets configured)
  Analyzing: 3 targets (1 packages loaded, 0 targets configured)

  DEBUG: /home/tejas/Downloads/ray/bazel/ray.bzl:175:10: [<generated file external/jemalloc/libjemalloc/lib/libjemalloc.so>]
  INFO: Analyzed 3 targets (31 packages loaded, 13584 targets configured).
  [10,733 / 11,915] Compiling src/ray/core_worker/task_manager.cc; 1s processwrapper-sandbox, disk-cache ... (10 actions, 6 running)
  [11,816 / 11,915] Compiling src/ray/core_worker/task_manager.cc; 2s processwrapper-sandbox, disk-cache ... (14 actions, 6 running)
  [11,828 / 11,915] Compiling src/ray/core_worker/task_manager.cc; 4s processwrapper-sandbox, disk-cache ... (16 actions, 6 running)
  [11,828 / 11,915] Compiling src/ray/core_worker/task_manager.cc; 13s processwrapper-sandbox, disk-cache ... (16 actions, 6 running)
  [11,828 / 11,915] Compiling src/ray/core_worker/task_manager.cc; 19s processwrapper-sandbox, disk-cache ... (16 actions, 7 running)
  [11,830 / 11,915] Compiling src/ray/core_worker/task_manager.cc; 21s processwrapper-sandbox, disk-cache ... (16 actions, 6 running)
  [11,830 / 11,915] Compiling src/ray/core_worker/task_manager.cc; 22s processwrapper-sandbox, disk-cache ... (16 actions, 7 running)
  [11,891 / 11,915] Compiling src/ray/core_worker/core_worker_process.cc; 24s processwrapper-sandbox, disk-cache ... (15 actions, 6 running)
  [11,891 / 11,915] Compiling src/ray/core_worker/core_worker_process.cc; 30s processwrapper-sandbox, disk-cache ... (15 actions, 7 running)
  [11,892 / 11,915] Compiling src/ray/core_worker/core_worker.cc; 32s processwrapper-sandbox, disk-cache ... (14 actions, 6 running)
  [11,892 / 11,915] Compiling src/ray/core_worker/core_worker.cc; 35s processwrapper-sandbox, disk-cache ... (14 actions, 7 running)
  [11,894 / 11,915] [Sched] Compiling cpp/src/ray/util/process_helper.cc; 35s ... (13 actions, 6 running)
  [11,894 / 11,915] [Sched] Compiling cpp/src/ray/runtime/task/native_task_submitter.cc; 37s ... (13 actions, 7 running)
  [11,895 / 11,915] [Sched] Compiling cpp/src/ray/runtime/task/native_task_submitter.cc; 39s ... (12 actions, 6 running)
  [11,896 / 11,915] [Sched] Compiling src/ray/internal/internal.cc; 39s ... (11 actions, 6 running)
  [11,896 / 11,915] [Sched] Compiling python/ray/_raylet.cpp; 40s ... (11 actions, 7 running)
  [11,897 / 11,915] [Sched] Compiling cpp/src/ray/runtime/object/object_store.cc; 24s ... (10 actions, 7 running)
  [11,898 / 11,915] [Sched] Compiling cpp/src/ray/runtime/object/object_store.cc; 26s ... (9 actions, 6 running)
  [11,898 / 11,915] [Sched] Compiling cpp/src/ray/runtime/task/task_executor.cc; 28s ... (9 actions, 7 running)
  [11,899 / 11,915] [Sched] Compiling cpp/src/ray/runtime/task/task_executor.cc; 29s ... (8 actions, 6 running)
  [11,899 / 11,915] [Sched] Linking src/ray/core_worker/libtask_manager.pic.a; 33s ... (8 actions, 7 running)
  [11,900 / 11,915] [Sched] Linking src/ray/core_worker/libtask_manager.pic.a; 35s ... (7 actions, 6 running)
  [11,900 / 11,915] Compiling cpp/src/ray/util/process_helper.cc; 21s processwrapper-sandbox, disk-cache ... (7 actions running)
  [11,902 / 11,915] Compiling cpp/src/ray/runtime/task/native_task_submitter.cc; 20s processwrapper-sandbox, disk-cache ... (5 actions running)
  [11,905 / 11,915] Compiling python/ray/_raylet.cpp; 19s processwrapper-sandbox, disk-cache ... (3 actions running)
  [11,906 / 11,915] Compiling python/ray/_raylet.cpp; 25s processwrapper-sandbox, disk-cache ... (2 actions running)
  [11,908 / 11,915] Compiling python/ray/_raylet.cpp; 32s processwrapper-sandbox, disk-cache ... (2 actions, 1 running)
  [11,908 / 11,915] Compiling python/ray/_raylet.cpp; 33s processwrapper-sandbox, disk-cache ... (2 actions running)
  [11,911 / 11,915] Compiling python/ray/_raylet.cpp; 35s processwrapper-sandbox, disk-cache ... (2 actions running)
  INFO: From PackageZip cpp/ray_cpp_pkg.zip:
  /home/tejas/.cache/bazel/_bazel_tejas/2532fb3dbcfe690cd6edc5c0a849b95a/sandbox/processwrapper-sandbox/35/execroot/io_ray/bazel-out/k8-opt-exec-ST-a828a81199fe/bin/external/rules_pkg/pkg/private/zip/build_zip.runfiles/io_ray/../rules_pkg/pkg/private/zip/build_zip.py:70: DeprecationWarning: datetime.datetime.utcfromtimestamp() is deprecated and scheduled for removal in a future version. Use timezone-aware objects to represent datetimes in UTC: datetime.datetime.fromtimestamp(timestamp, datetime.UTC).
    ts = datetime.datetime.utcfromtimestamp(ts)
  [11,912 / 11,915] Compiling python/ray/_raylet.cpp; 36s processwrapper-sandbox, disk-cache
  [11,912 / 11,915] Compiling python/ray/_raylet.cpp; 48s processwrapper-sandbox, disk-cache
  [11,913 / 11,915] [Prepa] Linking python/ray/_raylet.so
  [11,913 / 11,915] Linking python/ray/_raylet.so; 1s processwrapper-sandbox, disk-cache
  [11,914 / 11,915] [Prepa] PackageZip ray_pkg.zip
  [11,914 / 11,915] PackageZip ray_pkg.zip; 1s processwrapper-sandbox, disk-cache
  INFO: From PackageZip ray_pkg.zip:
  /home/tejas/.cache/bazel/_bazel_tejas/2532fb3dbcfe690cd6edc5c0a849b95a/sandbox/processwrapper-sandbox/37/execroot/io_ray/bazel-out/k8-opt-exec-ST-a828a81199fe/bin/external/rules_pkg/pkg/private/zip/build_zip.runfiles/io_ray/../rules_pkg/pkg/private/zip/build_zip.py:70: DeprecationWarning: datetime.datetime.utcfromtimestamp() is deprecated and scheduled for removal in a future version. Use timezone-aware objects to represent datetimes in UTC: datetime.datetime.fromtimestamp(timestamp, datetime.UTC).
    ts = datetime.datetime.utcfromtimestamp(ts)
  INFO: Found 3 targets...
  INFO: Elapsed time: 109.026s, Critical Path: 105.34s
  INFO: 28 processes: 3 internal, 25 processwrapper-sandbox.
  INFO: Build completed successfully, 28 total actions
  INFO: Invocation ID: c64d57e2-8dfb-4bf0-b403-a40badaa3b92
  Computing main repo mapping:
  Loading:
  Loading: 0 packages loaded
  Analyzing: target //:gen_ray_pkg (0 packages loaded, 0 targets configured)
  Analyzing: target //:gen_ray_pkg (0 packages loaded, 0 targets configured)

  INFO: Analyzed target //:gen_ray_pkg (0 packages loaded, 0 targets configured).
  INFO: Found 1 target...
  Target //:gen_ray_pkg up-to-date:
    bazel-bin/gen_ray_pkg
  INFO: Elapsed time: 0.340s, Critical Path: 0.02s
  INFO: 1 process: 1 internal.
  INFO: Build completed successfully, 1 total action
  INFO: Running command line: bazel-bin/gen_ray_pkg
  INFO: Invocation ID: ca5d7e38-9201-4c58-b456-7b4a49610d2f
  Computing main repo mapping:
  Loading:
  Loading: 0 packages loaded
  Analyzing: target //cpp:gen_ray_cpp_pkg (0 packages loaded, 0 targets configured)
  Analyzing: target //cpp:gen_ray_cpp_pkg (0 packages loaded, 0 targets configured)

  INFO: Analyzed target //cpp:gen_ray_cpp_pkg (0 packages loaded, 0 targets configured).
  INFO: Found 1 target...
  Target //cpp:gen_ray_cpp_pkg up-to-date:
    bazel-bin/cpp/gen_ray_cpp_pkg
  INFO: Elapsed time: 0.289s, Critical Path: 0.01s
  INFO: 1 process: 1 internal.
  INFO: Build completed successfully, 1 total action
  INFO: Running command line: bazel-bin/cpp/gen_ray_cpp_pkg
  INFO: Invocation ID: 459f5d95-6dd5-40de-981b-eda0da7a3d1f
  Computing main repo mapping:
  Loading:
  Loading: 0 packages loaded
  Analyzing: target //:gen_redis_pkg (0 packages loaded, 0 targets configured)
  Analyzing: target //:gen_redis_pkg (0 packages loaded, 0 targets configured)

  INFO: Analyzed target //:gen_redis_pkg (0 packages loaded, 6 targets configured).
  INFO: Found 1 target...
  Target //:gen_redis_pkg up-to-date:
    bazel-bin/gen_redis_pkg
  INFO: Elapsed time: 0.216s, Critical Path: 0.01s
  INFO: 1 process: 1 internal.
  INFO: Build completed successfully, 1 total action
  INFO: Running command line: bazel-bin/gen_redis_pkg
  # of files copied to /tmp/tmpxtllk563.build-lib: 385
  running egg_info
  creating /tmp/tmprk8e4t_b.build-temp/ray.egg-info
  writing /tmp/tmprk8e4t_b.build-temp/ray.egg-info/PKG-INFO
  writing dependency_links to /tmp/tmprk8e4t_b.build-temp/ray.egg-info/dependency_links.txt
  writing entry points to /tmp/tmprk8e4t_b.build-temp/ray.egg-info/entry_points.txt
  writing requirements to /tmp/tmprk8e4t_b.build-temp/ray.egg-info/requires.txt
  writing top-level names to /tmp/tmprk8e4t_b.build-temp/ray.egg-info/top_level.txt
  writing manifest file '/tmp/tmprk8e4t_b.build-temp/ray.egg-info/SOURCES.txt'
  reading manifest file '/tmp/tmprk8e4t_b.build-temp/ray.egg-info/SOURCES.txt'
  reading manifest template 'MANIFEST.in'
  adding license file 'LICENSE.txt'
  writing manifest file '/tmp/tmprk8e4t_b.build-temp/ray.egg-info/SOURCES.txt'
  /tmp/pip-build-env-1ju7dhkt/overlay/lib/python3.10/site-packages/setuptools/command/build_py.py:215: _Warning: Package 'ray._private.runtime_env.agent.thirdparty_files.attr' is absent from the `packages` configuration.
  !!

          ********************************************************************************
          ############################
          # Package would be ignored #
          ############################
          Python recognizes 'ray._private.runtime_env.agent.thirdparty_files.attr' as an importable package[^1],
          but it is absent from setuptools' `packages` configuration.

          This leads to an ambiguous overall configuration. If you want to distribute this
          package, please make sure that 'ray._private.runtime_env.agent.thirdparty_files.attr' is explicitly added
          to the `packages` configuration field.

          Alternatively, you can also rely on setuptools' discovery methods
          (for example by using `find_namespace_packages(...)`/`find_namespace:`
          instead of `find_packages(...)`/`find:`).

          You can read more about "package discovery" on setuptools documentation page:

          - https://setuptools.pypa.io/en/latest/userguide/package_discovery.html

          If you don't want 'ray._private.runtime_env.agent.thirdparty_files.attr' to be distributed and are
          already explicitly excluding 'ray._private.runtime_env.agent.thirdparty_files.attr' via
          `find_namespace_packages(...)/find_namespace` or `find_packages(...)/find`,
          you can try to use `exclude_package_data`, or `include-package-data=False` in
          combination with a more fine grained `package-data` configuration.

          You can read more about "package data files" on setuptools documentation page:

          - https://setuptools.pypa.io/en/latest/userguide/datafiles.html


          [^1]: For Python, any directory (with suitable naming) can be imported,
                even if it does not contain any `.py` files.
                On the other hand, currently there is no concept of package data
                directory, all directories are treated like packages.
          ********************************************************************************

  !!
    check.warn(importable)
  /tmp/pip-build-env-1ju7dhkt/overlay/lib/python3.10/site-packages/setuptools/command/build_py.py:215: _Warning: Package 'ray._private.runtime_env.agent.thirdparty_files.attrs' is absent from the `packages` configuration.
  !!

          ********************************************************************************
          ############################
          # Package would be ignored #
          ############################
          Python recognizes 'ray._private.runtime_env.agent.thirdparty_files.attrs' as an importable package[^1],
          but it is absent from setuptools' `packages` configuration.

          This leads to an ambiguous overall configuration. If you want to distribute this
          package, please make sure that 'ray._private.runtime_env.agent.thirdparty_files.attrs' is explicitly added
          to the `packages` configuration field.

          Alternatively, you can also rely on setuptools' discovery methods
          (for example by using `find_namespace_packages(...)`/`find_namespace:`
          instead of `find_packages(...)`/`find:`).

          You can read more about "package discovery" on setuptools documentation page:

          - https://setuptools.pypa.io/en/latest/userguide/package_discovery.html

          If you don't want 'ray._private.runtime_env.agent.thirdparty_files.attrs' to be distributed and are
          already explicitly excluding 'ray._private.runtime_env.agent.thirdparty_files.attrs' via
          `find_namespace_packages(...)/find_namespace` or `find_packages(...)/find`,
          you can try to use `exclude_package_data`, or `include-package-data=False` in
          combination with a more fine grained `package-data` configuration.

          You can read more about "package data files" on setuptools documentation page:

          - https://setuptools.pypa.io/en/latest/userguide/datafiles.html


          [^1]: For Python, any directory (with suitable naming) can be imported,
                even if it does not contain any `.py` files.
                On the other hand, currently there is no concept of package data
                directory, all directories are treated like packages.
          ********************************************************************************

  !!
    check.warn(importable)
  /tmp/pip-build-env-1ju7dhkt/overlay/lib/python3.10/site-packages/setuptools/command/build_py.py:215: _Warning: Package 'ray._private.runtime_env.agent.thirdparty_files.frozenlist' is absent from the `packages` configuration.
  !!

          ********************************************************************************
          ############################
          # Package would be ignored #
          ############################
          Python recognizes 'ray._private.runtime_env.agent.thirdparty_files.frozenlist' as an importable package[^1],
          but it is absent from setuptools' `packages` configuration.

          This leads to an ambiguous overall configuration. If you want to distribute this
          package, please make sure that 'ray._private.runtime_env.agent.thirdparty_files.frozenlist' is explicitly added
          to the `packages` configuration field.

          Alternatively, you can also rely on setuptools' discovery methods
          (for example by using `find_namespace_packages(...)`/`find_namespace:`
          instead of `find_packages(...)`/`find:`).

          You can read more about "package discovery" on setuptools documentation page:

          - https://setuptools.pypa.io/en/latest/userguide/package_discovery.html

          If you don't want 'ray._private.runtime_env.agent.thirdparty_files.frozenlist' to be distributed and are
          already explicitly excluding 'ray._private.runtime_env.agent.thirdparty_files.frozenlist' via
          `find_namespace_packages(...)/find_namespace` or `find_packages(...)/find`,
          you can try to use `exclude_package_data`, or `include-package-data=False` in
          combination with a more fine grained `package-data` configuration.

          You can read more about "package data files" on setuptools documentation page:

          - https://setuptools.pypa.io/en/latest/userguide/datafiles.html


          [^1]: For Python, any directory (with suitable naming) can be imported,
                even if it does not contain any `.py` files.
                On the other hand, currently there is no concept of package data
                directory, all directories are treated like packages.
          ********************************************************************************

  !!
    check.warn(importable)
  /tmp/pip-build-env-1ju7dhkt/overlay/lib/python3.10/site-packages/setuptools/command/build_py.py:215: _Warning: Package 'ray.includes' is absent from the `packages` configuration.
  !!

          ********************************************************************************
          ############################
          # Package would be ignored #
          ############################
          Python recognizes 'ray.includes' as an importable package[^1],
          but it is absent from setuptools' `packages` configuration.

          This leads to an ambiguous overall configuration. If you want to distribute this
          package, please make sure that 'ray.includes' is explicitly added
          to the `packages` configuration field.

          Alternatively, you can also rely on setuptools' discovery methods
          (for example by using `find_namespace_packages(...)`/`find_namespace:`
          instead of `find_packages(...)`/`find:`).

          You can read more about "package discovery" on setuptools documentation page:

          - https://setuptools.pypa.io/en/latest/userguide/package_discovery.html

          If you don't want 'ray.includes' to be distributed and are
          already explicitly excluding 'ray.includes' via
          `find_namespace_packages(...)/find_namespace` or `find_packages(...)/find`,
          you can try to use `exclude_package_data`, or `include-package-data=False` in
          combination with a more fine grained `package-data` configuration.

          You can read more about "package data files" on setuptools documentation page:

          - https://setuptools.pypa.io/en/latest/userguide/datafiles.html


          [^1]: For Python, any directory (with suitable naming) can be imported,
                even if it does not contain any `.py` files.
                On the other hand, currently there is no concept of package data
                directory, all directories are treated like packages.
          ********************************************************************************

  !!
    check.warn(importable)
  Editable install will be performed using a meta path finder.

  Options like `package-data`, `include/exclude-package-data` or
  `packages.find.exclude/include` may have no effect.

  adding '__editable___ray_3_0_0_dev0_finder.py'
  adding '__editable__.ray-3.0.0.dev0.pth'
  creating '/tmp/pip-ephem-wheel-cache-de6g_9ch/wheels/c4/60/66/af8693fa32323a47bdf28baa15987f7d1064a5934d4b8e97fa/tmpybp4ouxu/.tmp-obx3rij3/ray-3.0.0.dev0-0.editable-cp310-cp310-linux_x86_64.whl' and adding '/tmp/tmp2tq7vv5nray-3.0.0.dev0-0.editable-cp310-cp310-linux_x86_64.whl' to it
  adding 'ray-3.0.0.dev0.dist-info/licenses/LICENSE.txt'
  adding 'ray-3.0.0.dev0.dist-info/METADATA'
  adding 'ray-3.0.0.dev0.dist-info/WHEEL'
  adding 'ray-3.0.0.dev0.dist-info/entry_points.txt'
  adding 'ray-3.0.0.dev0.dist-info/top_level.txt'
  adding 'ray-3.0.0.dev0.dist-info/RECORD'
  /tmp/pip-build-env-1ju7dhkt/overlay/lib/python3.10/site-packages/setuptools/command/editable_wheel.py:352: InformationOnly: Editable installation.
  !!

          ********************************************************************************
          Please be careful with folders in your working directory with the same
          name as your package as they may take precedence during imports.
          ********************************************************************************

  !!
    with strategy, WheelFile(wheel_path, "w") as wheel_obj:
  Building editable for ray (pyproject.toml): finished with status 'done'
  Created wheel for ray: filename=ray-3.0.0.dev0-0.editable-cp310-cp310-linux_x86_64.whl size=8048 sha256=08785b6e552617f745fcdd66b56e75c7af323c06e656bdba3cd78637b3287824
  Stored in directory: /tmp/pip-ephem-wheel-cache-de6g_9ch/wheels/c4/60/66/af8693fa32323a47bdf28baa15987f7d1064a5934d4b8e97fa
Successfully built ray
Installing collected packages: ray
  Attempting uninstall: ray
    Found existing installation: ray 3.0.0.dev0
    Uninstalling ray-3.0.0.dev0:
      Removing file or directory /home/tejas/anaconda3/envs/ray-dev/bin/ray
      Removing file or directory /home/tejas/anaconda3/envs/ray-dev/bin/serve
      Removing file or directory /home/tejas/anaconda3/envs/ray-dev/bin/tune
      Removing file or directory /home/tejas/anaconda3/envs/ray-dev/lib/python3.10/site-packages/__editable__.ray-3.0.0.dev0.pth
      Removing file or directory /home/tejas/anaconda3/envs/ray-dev/lib/python3.10/site-packages/__editable___ray_3_0_0_dev0_finder.py
      Removing file or directory /home/tejas/anaconda3/envs/ray-dev/lib/python3.10/site-packages/__pycache__/__editable___ray_3_0_0_dev0_finder.cpython-310.pyc
      Removing file or directory /home/tejas/anaconda3/envs/ray-dev/lib/python3.10/site-packages/ray-3.0.0.dev0.dist-info/
      Successfully uninstalled ray-3.0.0.dev0
  changing mode of /home/tejas/anaconda3/envs/ray-dev/bin/ray to 775
  changing mode of /home/tejas/anaconda3/envs/ray-dev/bin/serve to 775
  changing mode of /home/tejas/anaconda3/envs/ray-dev/bin/tune to 775
Successfully installed ray-3.0.0.dev0
