Using pip 25.1 from /home/tejas/anaconda3/lib/python3.13/site-packages/pip (python 3.13)
Obtaining file:///home/tejas/Downloads/ray/python
  Preparing metadata (setup.py): started
  Running command python setup.py egg_info
  /home/tejas/anaconda3/lib/python3.13/site-packages/setuptools/__init__.py:85: _DeprecatedInstaller: setuptools.installer and fetch_build_eggs are deprecated.
  !!

          ********************************************************************************
          Requirements should be satisfied by a PEP 517 installer.
          If you are using pip, you can try `pip install --use-pep517`.
          ********************************************************************************

  !!
    dist.fetch_build_eggs(dist.setup_requires)
  running egg_info
  creating /tmp/pip-pip-egg-info-9w9l9gv3/ray.egg-info
  writing /tmp/pip-pip-egg-info-9w9l9gv3/ray.egg-info/PKG-INFO
  writing dependency_links to /tmp/pip-pip-egg-info-9w9l9gv3/ray.egg-info/dependency_links.txt
  writing entry points to /tmp/pip-pip-egg-info-9w9l9gv3/ray.egg-info/entry_points.txt
  writing requirements to /tmp/pip-pip-egg-info-9w9l9gv3/ray.egg-info/requires.txt
  writing top-level names to /tmp/pip-pip-egg-info-9w9l9gv3/ray.egg-info/top_level.txt
  writing manifest file '/tmp/pip-pip-egg-info-9w9l9gv3/ray.egg-info/SOURCES.txt'
  reading manifest file '/tmp/pip-pip-egg-info-9w9l9gv3/ray.egg-info/SOURCES.txt'
  reading manifest template 'MANIFEST.in'
  adding license file 'LICENSE.txt'
  writing manifest file '/tmp/pip-pip-egg-info-9w9l9gv3/ray.egg-info/SOURCES.txt'
  Preparing metadata (setup.py): finished with status 'done'
Requirement already satisfied: click>=7.0 in /home/tejas/anaconda3/lib/python3.13/site-packages (from ray==3.0.0.dev0) (8.4.2)
Requirement already satisfied: filelock in /home/tejas/anaconda3/lib/python3.13/site-packages (from ray==3.0.0.dev0) (3.29.7)
Requirement already satisfied: jsonschema in /home/tejas/anaconda3/lib/python3.13/site-packages (from ray==3.0.0.dev0) (4.23.0)
Requirement already satisfied: msgpack<2.0.0,>=1.0.0 in /home/tejas/anaconda3/lib/python3.13/site-packages (from ray==3.0.0.dev0) (1.0.3)
Requirement already satisfied: packaging>=24.2 in /home/tejas/anaconda3/lib/python3.13/site-packages (from ray==3.0.0.dev0) (24.2)
Requirement already satisfied: protobuf>=3.20.3 in /home/tejas/anaconda3/lib/python3.13/site-packages (from ray==3.0.0.dev0) (5.29.3)
Requirement already satisfied: pyyaml in /home/tejas/anaconda3/lib/python3.13/site-packages (from ray==3.0.0.dev0) (6.0.3)
Requirement already satisfied: requests in /home/tejas/anaconda3/lib/python3.13/site-packages (from ray==3.0.0.dev0) (2.32.3)
Requirement already satisfied: attrs>=22.2.0 in /home/tejas/anaconda3/lib/python3.13/site-packages (from jsonschema->ray==3.0.0.dev0) (24.3.0)
Requirement already satisfied: jsonschema-specifications>=2023.03.6 in /home/tejas/anaconda3/lib/python3.13/site-packages (from jsonschema->ray==3.0.0.dev0) (2023.7.1)
Requirement already satisfied: referencing>=0.28.4 in /home/tejas/anaconda3/lib/python3.13/site-packages (from jsonschema->ray==3.0.0.dev0) (0.30.2)
Requirement already satisfied: rpds-py>=0.7.1 in /home/tejas/anaconda3/lib/python3.13/site-packages (from jsonschema->ray==3.0.0.dev0) (0.22.3)
Requirement already satisfied: charset-normalizer<4,>=2 in /home/tejas/anaconda3/lib/python3.13/site-packages (from requests->ray==3.0.0.dev0) (3.3.2)
Requirement already satisfied: idna<4,>=2.5 in /home/tejas/anaconda3/lib/python3.13/site-packages (from requests->ray==3.0.0.dev0) (3.7)
Requirement already satisfied: urllib3<3,>=1.21.1 in /home/tejas/anaconda3/lib/python3.13/site-packages (from requests->ray==3.0.0.dev0) (2.3.0)
Requirement already satisfied: certifi>=2017.4.17 in /home/tejas/anaconda3/lib/python3.13/site-packages (from requests->ray==3.0.0.dev0) (2025.4.26)
Installing collected packages: ray
  DEPRECATION: Legacy editable install of ray==3.0.0.dev0 from file:///home/tejas/Downloads/ray/python (setup.py develop) is deprecated. pip 25.3 will enforce this behaviour change. A possible replacement is to add a pyproject.toml or enable --use-pep517, and use setuptools >= 64. If the resulting installation is not behaving as expected, try using --config-settings editable_mode=compat. Please consult the setuptools documentation for more information. Discussion can be found at https://github.com/pypa/pip/issues/11457
  Running setup.py develop for ray
    Running command python setup.py develop
    /home/tejas/anaconda3/lib/python3.13/site-packages/setuptools/__init__.py:85: _DeprecatedInstaller: setuptools.installer and fetch_build_eggs are deprecated.
    !!

            ********************************************************************************
            Requirements should be satisfied by a PEP 517 installer.
            If you are using pip, you can try `pip install --use-pep517`.
            ********************************************************************************

    !!
      dist.fetch_build_eggs(dist.setup_requires)
    running develop
    /home/tejas/anaconda3/lib/python3.13/site-packages/setuptools/command/develop.py:42: EasyInstallDeprecationWarning: easy_install command is deprecated.
    !!

            ********************************************************************************
            Please avoid running ``setup.py`` and ``easy_install``.
            Instead, use pypa/build, pypa/installer or other
            standards-based tools.

            See https://github.com/pypa/setuptools/issues/917 for details.
            ********************************************************************************

    !!
      easy_install.initialize_options(self)
    /home/tejas/anaconda3/lib/python3.13/site-packages/setuptools/_distutils/cmd.py:66: SetuptoolsDeprecationWarning: setup.py install is deprecated.
    !!

            ********************************************************************************
            Please avoid running ``setup.py`` directly.
            Instead, use pypa/build, pypa/installer or other
            standards-based tools.

            See https://blog.ganssle.io/articles/2021/10/setup-py-deprecated.html for details.
            ********************************************************************************

    !!
      self.initialize_options()
    running egg_info
    writing ray.egg-info/PKG-INFO
    writing dependency_links to ray.egg-info/dependency_links.txt
    writing entry points to ray.egg-info/entry_points.txt
    writing requirements to ray.egg-info/requires.txt
    writing top-level names to ray.egg-info/top_level.txt
    reading manifest file 'ray.egg-info/SOURCES.txt'
    reading manifest template 'MANIFEST.in'
    adding license file 'LICENSE.txt'
    writing manifest file 'ray.egg-info/SOURCES.txt'
    running build_ext
    WARNING: Target directory /home/tejas/Downloads/ray/python/ray/thirdparty_files/colorama-0.4.6.dist-info already exists. Specify --upgrade to force replacement.
    WARNING: Target directory /home/tejas/Downloads/ray/python/ray/thirdparty_files/colorama already exists. Specify --upgrade to force replacement.
    WARNING: Target directory /home/tejas/Downloads/ray/python/ray/thirdparty_files/psutil-7.2.2.dist-info already exists. Specify --upgrade to force replacement.
    WARNING: Target directory /home/tejas/Downloads/ray/python/ray/thirdparty_files/psutil already exists. Specify --upgrade to force replacement.
    ERROR: pip's dependency resolver does not currently take into account all the packages that are installed. This behaviour is the source of the following dependency conflicts.
    marker-pdf 1.10.2 requires regex<2025.0.0,>=2024.4.28, but you have regex 2026.7.10 which is incompatible.
    marker-pdf 1.10.2 requires transformers<5.0.0,>=4.45.2, but you have transformers 5.13.1 which is incompatible.
    streamlit 1.45.1 requires pandas<3,>=1.4.0, but you have pandas 3.0.3 which is incompatible.
    WARNING: Target directory /home/tejas/Downloads/ray/python/ray/_private/runtime_env/agent/thirdparty_files/aiohttp-3.14.3.dist-info already exists. Specify --upgrade to force replacement.
    WARNING: Target directory /home/tejas/Downloads/ray/python/ray/_private/runtime_env/agent/thirdparty_files/aiohttp already exists. Specify --upgrade to force replacement.
    WARNING: Target directory /home/tejas/Downloads/ray/python/ray/_private/runtime_env/agent/thirdparty_files/aiosignal-1.4.0.dist-info already exists. Specify --upgrade to force replacement.
    WARNING: Target directory /home/tejas/Downloads/ray/python/ray/_private/runtime_env/agent/thirdparty_files/aiosignal already exists. Specify --upgrade to force replacement.
    WARNING: Target directory /home/tejas/Downloads/ray/python/ray/_private/runtime_env/agent/thirdparty_files/yarl-1.24.5.dist-info already exists. Specify --upgrade to force replacement.
    WARNING: Target directory /home/tejas/Downloads/ray/python/ray/_private/runtime_env/agent/thirdparty_files/yarl already exists. Specify --upgrade to force replacement.
    WARNING: Target directory /home/tejas/Downloads/ray/python/ray/_private/runtime_env/agent/thirdparty_files/aiohappyeyeballs-2.7.1.dist-info already exists. Specify --upgrade to force replacement.
    WARNING: Target directory /home/tejas/Downloads/ray/python/ray/_private/runtime_env/agent/thirdparty_files/aiohappyeyeballs already exists. Specify --upgrade to force replacement.
    WARNING: Target directory /home/tejas/Downloads/ray/python/ray/_private/runtime_env/agent/thirdparty_files/attrs-26.1.0.dist-info already exists. Specify --upgrade to force replacement.
    WARNING: Target directory /home/tejas/Downloads/ray/python/ray/_private/runtime_env/agent/thirdparty_files/attrs already exists. Specify --upgrade to force replacement.
    WARNING: Target directory /home/tejas/Downloads/ray/python/ray/_private/runtime_env/agent/thirdparty_files/attr already exists. Specify --upgrade to force replacement.
    WARNING: Target directory /home/tejas/Downloads/ray/python/ray/_private/runtime_env/agent/thirdparty_files/frozenlist-1.8.0.dist-info already exists. Specify --upgrade to force replacement.
    WARNING: Target directory /home/tejas/Downloads/ray/python/ray/_private/runtime_env/agent/thirdparty_files/frozenlist already exists. Specify --upgrade to force replacement.
    WARNING: Target directory /home/tejas/Downloads/ray/python/ray/_private/runtime_env/agent/thirdparty_files/idna-3.18.dist-info already exists. Specify --upgrade to force replacement.
    WARNING: Target directory /home/tejas/Downloads/ray/python/ray/_private/runtime_env/agent/thirdparty_files/idna already exists. Specify --upgrade to force replacement.
    WARNING: Target directory /home/tejas/Downloads/ray/python/ray/_private/runtime_env/agent/thirdparty_files/multidict-6.7.1.dist-info already exists. Specify --upgrade to force replacement.
    WARNING: Target directory /home/tejas/Downloads/ray/python/ray/_private/runtime_env/agent/thirdparty_files/multidict already exists. Specify --upgrade to force replacement.
    WARNING: Target directory /home/tejas/Downloads/ray/python/ray/_private/runtime_env/agent/thirdparty_files/propcache-0.5.2.dist-info already exists. Specify --upgrade to force replacement.
    WARNING: Target directory /home/tejas/Downloads/ray/python/ray/_private/runtime_env/agent/thirdparty_files/propcache already exists. Specify --upgrade to force replacement.
    WARNING: Target directory /home/tejas/Downloads/ray/python/ray/_private/runtime_env/agent/thirdparty_files/bin already exists. Specify --upgrade to force replacement.
    Computing main repo mapping:
    Loading:
    Loading: 0 packages loaded
    Analyzing: 3 targets (0 packages loaded, 0 targets configured)
    Analyzing: 3 targets (0 packages loaded, 0 targets configured)

    DEBUG: /home/tejas/Downloads/ray/bazel/ray.bzl:175:10: [<generated file external/jemalloc/libjemalloc/lib/libjemalloc.so>]
    INFO: Analyzed 3 targets (3 packages loaded, 1737 targets configured).
    [9,610 / 10,168] Executing genrule @@local_config_python//_python3:_python3_include; 0s processwrapper-sandbox ... (3 actions, 2 running)
    [11,875 / 11,918] Compiling src/ray/core_worker/reference_counter.cc; 1s processwrapper-sandbox ... (17 actions, 15 running)
    INFO: From Compiling src/ray/thirdparty/setproctitle/spt_status.c:
    cc1: warning: command-line option '-Wconversion-null' is valid for C++/ObjC++ but not for C
    [11,876 / 11,918] Compiling src/ray/core_worker/reference_counter.cc; 2s processwrapper-sandbox ... (17 actions, 16 running)
    [11,877 / 11,918] Compiling src/ray/core_worker/task_submission/actor_task_submitter.cc; 11s processwrapper-sandbox ... (16 actions, 15 running)
    INFO: From Compiling src/ray/thirdparty/setproctitle/spt_setup.c:
    cc1: warning: command-line option '-Wconversion-null' is valid for C++/ObjC++ but not for C
    [11,879 / 11,918] Compiling src/ray/core_worker/task_submission/actor_task_submitter.cc; 12s processwrapper-sandbox ... (17 actions, 15 running)
    INFO: From Compiling src/ray/thirdparty/setproctitle/spt_debug.c:
    cc1: warning: command-line option '-Wconversion-null' is valid for C++/ObjC++ but not for C
    [11,880 / 11,918] Compiling src/ray/core_worker/task_submission/actor_task_submitter.cc; 13s processwrapper-sandbox ... (17 actions, 16 running)
    [11,880 / 11,918] Compiling src/ray/core_worker/task_submission/actor_task_submitter.cc; 22s processwrapper-sandbox ... (17 actions, 16 running)
